SCAD producer execution
=======================

Capability: scad.docs
Action: design-build
Source revision: a85c3f31b508a3d761011328768d6ca99f6f3a33
Owner: brainboxemb/tool.scad-project
Owner revision: a140b22858ac1899e7f2fa71b679639a70d819c3
tool.scad-project version: 0.14.9
Status: success
Producer started (UTC): 2026-09-18T09:42:00Z
Producer finished (UTC): 2026-09-18T09:42:01Z
Producer duration: 1062 ms

Domain evidence: ../../domain/last-design-build.json

Decision report kind: design
Build engine: scons
Targets: 68
Outcomes: BUILT=0, CACHE_RESTORED=68, CURRENT=0, ERROR=0

Target decisions:
- CACHE_RESTORED: .cache/scad-project/design-stage/project/openscad/project_components/corner-edge-coupler/design/img/01-mating-reference.png
- CACHE_RESTORED: .cache/scad-project/design-stage/project/openscad/project_components/corner-edge-coupler/design/img/02-profile-horizontal-arm.png
- CACHE_RESTORED: .cache/scad-project/design-stage/project/openscad/project_components/corner-edge-coupler/design/img/03-profile-vertical-arm.png
- CACHE_RESTORED: .cache/scad-project/design-stage/project/openscad/project_components/corner-edge-coupler/design/img/04-profile-raw-cross.png
- CACHE_RESTORED: .cache/scad-project/design-stage/project/openscad/project_components/corner-edge-coupler/design/img/05-profile-rounded.png
- CACHE_RESTORED: .cache/scad-project/design-stage/project/openscad/project_components/corner-edge-coupler/design/img/06-reinforcement-support-profile.png
- CACHE_RESTORED: .cache/scad-project/design-stage/project/openscad/project_components/corner-edge-coupler/design/img/07-base.png
- CACHE_RESTORED: .cache/scad-project/design-stage/project/openscad/project_components/corner-edge-coupler/design/img/08-screw-hole.png
- CACHE_RESTORED: .cache/scad-project/design-stage/project/openscad/project_components/corner-edge-coupler/design/img/09-tube-pocket.png
- CACHE_RESTORED: .cache/scad-project/design-stage/project/openscad/project_components/corner-edge-coupler/design/img/10-locator-pin-clearance.png
- CACHE_RESTORED: .cache/scad-project/design-stage/project/openscad/project_components/corner-edge-coupler/design/img/11-guide-keepout.png
- CACHE_RESTORED: .cache/scad-project/design-stage/project/openscad/project_components/corner-edge-coupler/design/img/12-guide-raw-shell.png
- CACHE_RESTORED: .cache/scad-project/design-stage/project/openscad/project_components/corner-edge-coupler/design/img/13-guide-end-mask.png
- CACHE_RESTORED: .cache/scad-project/design-stage/project/openscad/project_components/corner-edge-coupler/design/img/14-guide-zones.png
- CACHE_RESTORED: .cache/scad-project/design-stage/project/openscad/project_components/corner-edge-coupler/design/img/15-guide-taper.png
- CACHE_RESTORED: .cache/scad-project/design-stage/project/openscad/project_components/corner-edge-coupler/design/img/16-guide-reinforcement-relief.png
- CACHE_RESTORED: .cache/scad-project/design-stage/project/openscad/project_components/corner-edge-coupler/design/img/17-guide-reinforcement-detail.png
- CACHE_RESTORED: .cache/scad-project/design-stage/project/openscad/project_components/corner-edge-coupler/design/img/18-guides.png
- CACHE_RESTORED: .cache/scad-project/design-stage/project/openscad/project_components/corner-edge-coupler/design/img/19-reinforcement-locator.png
- CACHE_RESTORED: .cache/scad-project/design-stage/project/openscad/project_components/corner-edge-coupler/design/img/20-functional.png
- CACHE_RESTORED: .cache/scad-project/design-stage/project/openscad/project_components/corner-edge-coupler/design/img/21-reference-pockets.png
- CACHE_RESTORED: .cache/scad-project/design-stage/project/openscad/project_components/corner-edge-coupler/design/img/22-center-marks.png
- CACHE_RESTORED: .cache/scad-project/design-stage/project/openscad/project_components/corner-edge-coupler/design/img/23-final.png
- CACHE_RESTORED: .cache/scad-project/design-stage/project/openscad/project_components/corner-edge-coupler/design/img/24-right-final.png
- CACHE_RESTORED: .cache/scad-project/design-stage/project/openscad/project_components/horizontal-edge-coupler/design/img/01-mating-reference.png
- CACHE_RESTORED: .cache/scad-project/design-stage/project/openscad/project_components/horizontal-edge-coupler/design/img/02-profile-horizontal-arm.png
- CACHE_RESTORED: .cache/scad-project/design-stage/project/openscad/project_components/horizontal-edge-coupler/design/img/03-profile-vertical-arm.png
- CACHE_RESTORED: .cache/scad-project/design-stage/project/openscad/project_components/horizontal-edge-coupler/design/img/04-profile-raw-cross.png
- CACHE_RESTORED: .cache/scad-project/design-stage/project/openscad/project_components/horizontal-edge-coupler/design/img/05-profile-rounded-cross.png
- CACHE_RESTORED: .cache/scad-project/design-stage/project/openscad/project_components/horizontal-edge-coupler/design/img/06-profile-t.png
- CACHE_RESTORED: .cache/scad-project/design-stage/project/openscad/project_components/horizontal-edge-coupler/design/img/07-reinforcement-support-profile.png
- CACHE_RESTORED: .cache/scad-project/design-stage/project/openscad/project_components/horizontal-edge-coupler/design/img/08-screw-holes.png
- CACHE_RESTORED: .cache/scad-project/design-stage/project/openscad/project_components/horizontal-edge-coupler/design/img/09-tube-pockets.png
- CACHE_RESTORED: .cache/scad-project/design-stage/project/openscad/project_components/horizontal-edge-coupler/design/img/10-locator-pin-clearance.png
- CACHE_RESTORED: .cache/scad-project/design-stage/project/openscad/project_components/horizontal-edge-coupler/design/img/11-guide-keepout.png
- CACHE_RESTORED: .cache/scad-project/design-stage/project/openscad/project_components/horizontal-edge-coupler/design/img/12-guide-raw-shell.png
- CACHE_RESTORED: .cache/scad-project/design-stage/project/openscad/project_components/horizontal-edge-coupler/design/img/13-guide-rounded-shell.png
- CACHE_RESTORED: .cache/scad-project/design-stage/project/openscad/project_components/horizontal-edge-coupler/design/img/14-guide-zones.png
- CACHE_RESTORED: .cache/scad-project/design-stage/project/openscad/project_components/horizontal-edge-coupler/design/img/15-guide-outer-taper.png
- CACHE_RESTORED: .cache/scad-project/design-stage/project/openscad/project_components/horizontal-edge-coupler/design/img/16-guide-reinforcement-reliefs.png
- CACHE_RESTORED: .cache/scad-project/design-stage/project/openscad/project_components/horizontal-edge-coupler/design/img/17-guide-reinforcement-detail.png
- CACHE_RESTORED: .cache/scad-project/design-stage/project/openscad/project_components/horizontal-edge-coupler/design/img/18-guides.png
- CACHE_RESTORED: .cache/scad-project/design-stage/project/openscad/project_components/horizontal-edge-coupler/design/img/19-reinforcement-locators.png
- CACHE_RESTORED: .cache/scad-project/design-stage/project/openscad/project_components/horizontal-edge-coupler/design/img/20-seam-locator.png
- CACHE_RESTORED: .cache/scad-project/design-stage/project/openscad/project_components/horizontal-edge-coupler/design/img/21-functional.png
- CACHE_RESTORED: .cache/scad-project/design-stage/project/openscad/project_components/horizontal-edge-coupler/design/img/22-reference-pockets.png
- CACHE_RESTORED: .cache/scad-project/design-stage/project/openscad/project_components/horizontal-edge-coupler/design/img/23-center-marks.png
- CACHE_RESTORED: .cache/scad-project/design-stage/project/openscad/project_components/horizontal-edge-coupler/design/img/24-final.png
- CACHE_RESTORED: .cache/scad-project/design-stage/project/openscad/project_components/middle-coupler/design/img/01-mating-reference.png
- CACHE_RESTORED: .cache/scad-project/design-stage/project/openscad/project_components/middle-coupler/design/img/02-profile-horizontal-arm.png
- CACHE_RESTORED: .cache/scad-project/design-stage/project/openscad/project_components/middle-coupler/design/img/03-profile-vertical-arm.png
- CACHE_RESTORED: .cache/scad-project/design-stage/project/openscad/project_components/middle-coupler/design/img/04-profile-raw-plus.png
- CACHE_RESTORED: .cache/scad-project/design-stage/project/openscad/project_components/middle-coupler/design/img/05-profile-rounded.png
- CACHE_RESTORED: .cache/scad-project/design-stage/project/openscad/project_components/middle-coupler/design/img/06-base.png
- CACHE_RESTORED: .cache/scad-project/design-stage/project/openscad/project_components/middle-coupler/design/img/07-screw-holes.png
- CACHE_RESTORED: .cache/scad-project/design-stage/project/openscad/project_components/middle-coupler/design/img/08-tube-pockets.png
- CACHE_RESTORED: .cache/scad-project/design-stage/project/openscad/project_components/middle-coupler/design/img/09-guide-keepout.png
- CACHE_RESTORED: .cache/scad-project/design-stage/project/openscad/project_components/middle-coupler/design/img/10-guide-raw-shell.png
- CACHE_RESTORED: .cache/scad-project/design-stage/project/openscad/project_components/middle-coupler/design/img/11-guide-rounded-shell.png
- CACHE_RESTORED: .cache/scad-project/design-stage/project/openscad/project_components/middle-coupler/design/img/12-guide-reinforcement-reliefs.png
- CACHE_RESTORED: .cache/scad-project/design-stage/project/openscad/project_components/middle-coupler/design/img/13-guide-reinforcement-detail.png
- CACHE_RESTORED: .cache/scad-project/design-stage/project/openscad/project_components/middle-coupler/design/img/14-guides.png
- CACHE_RESTORED: .cache/scad-project/design-stage/project/openscad/project_components/middle-coupler/design/img/15-reinforcement-locators.png
- CACHE_RESTORED: .cache/scad-project/design-stage/project/openscad/project_components/middle-coupler/design/img/16-seam-locator.png
- CACHE_RESTORED: .cache/scad-project/design-stage/project/openscad/project_components/middle-coupler/design/img/17-functional.png
- CACHE_RESTORED: .cache/scad-project/design-stage/project/openscad/project_components/middle-coupler/design/img/18-reference-pockets.png
- CACHE_RESTORED: .cache/scad-project/design-stage/project/openscad/project_components/middle-coupler/design/img/19-center-marks.png
- CACHE_RESTORED: .cache/scad-project/design-stage/project/openscad/project_components/middle-coupler/design/img/20-final.png
